// Jest Snapshot v1, https://goo.gl/fbAQLP

exports[`Dashboard Tests Should match snapshot 1`] = `
<div
  class="display panel"
>
  <div
    class="led green-led"
    data-testid="locked-led"
  >
    Unlocked
  </div>
  <div
    class="led green-led"
    data-testid="closed-led"
  >
    Open
  </div>
</div>
`;
